// Jest Snapshot v1, https://goo.gl/fbAQLP

exports[`timeline.jsx <Timeline /> should render and match snapshot 1`] = `
<Container
  className="timeline"
  fluid={true}
  tag="div"
>
  <Title
    endDate={2019-10-26T09:31:24.123Z}
    onChangeEndDate={[Function]}
    onChangeStartDate={[Function]}
    startDate={2019-07-26T09:31:24.123Z}
  />
  <div
    className="timeline-wrapper"
  >
    <Row
      tag="div"
    >
      <Col
        tag="div"
        widths={
          Array [
            "xs",
            "sm",
            "md",
            "lg",
            "xl",
          ]
        }
      >
        <HighLevelSections
          range={
            Array [
              Object {
                "days": Array [
                  2019-10-26T09:31:24.123Z,
                  2019-10-25T09:31:24.123Z,
                  2019-10-24T09:31:24.123Z,
                  2019-10-23T09:31:24.123Z,
                  2019-10-22T09:31:24.123Z,
                  2019-10-21T09:31:24.123Z,
                  2019-10-20T09:31:24.123Z,
                  2019-10-19T09:31:24.123Z,
                  2019-10-18T09:31:24.123Z,
                  2019-10-17T09:31:24.123Z,
                  2019-10-16T09:31:24.123Z,
                  2019-10-15T09:31:24.123Z,
                  2019-10-14T09:31:24.123Z,
                  2019-10-13T09:31:24.123Z,
                  2019-10-12T09:31:24.123Z,
                  2019-10-11T09:31:24.123Z,
                  2019-10-10T09:31:24.123Z,
                  2019-10-09T09:31:24.123Z,
                  2019-10-08T09:31:24.123Z,
                  2019-10-07T09:31:24.123Z,
                  2019-10-06T09:31:24.123Z,
                  2019-10-05T09:31:24.123Z,
                  2019-10-04T09:31:24.123Z,
                  2019-10-03T09:31:24.123Z,
                  2019-10-02T09:31:24.123Z,
                  2019-10-01T09:31:24.123Z,
                ],
                "name": "October",
              },
              Object {
                "days": Array [
                  2019-09-30T09:31:24.123Z,
                  2019-09-29T09:31:24.123Z,
                  2019-09-28T09:31:24.123Z,
                  2019-09-27T09:31:24.123Z,
                  2019-09-26T09:31:24.123Z,
                  2019-09-25T09:31:24.123Z,
                  2019-09-24T09:31:24.123Z,
                  2019-09-23T09:31:24.123Z,
                  2019-09-22T09:31:24.123Z,
                  2019-09-21T09:31:24.123Z,
                  2019-09-20T09:31:24.123Z,
                  2019-09-19T09:31:24.123Z,
                  2019-09-18T09:31:24.123Z,
                  2019-09-17T09:31:24.123Z,
                  2019-09-16T09:31:24.123Z,
                  2019-09-15T09:31:24.123Z,
                  2019-09-14T09:31:24.123Z,
                  2019-09-13T09:31:24.123Z,
                  2019-09-12T09:31:24.123Z,
                  2019-09-11T09:31:24.123Z,
                  2019-09-10T09:31:24.123Z,
                  2019-09-09T09:31:24.123Z,
                  2019-09-08T09:31:24.123Z,
                  2019-09-07T09:31:24.123Z,
                  2019-09-06T09:31:24.123Z,
                  2019-09-05T09:31:24.123Z,
                  2019-09-04T09:31:24.123Z,
                  2019-09-03T09:31:24.123Z,
                  2019-09-02T09:31:24.123Z,
                  2019-09-01T09:31:24.123Z,
                ],
                "name": "September",
              },
              Object {
                "days": Array [
                  2019-08-31T09:31:24.123Z,
                  2019-08-30T09:31:24.123Z,
                  2019-08-29T09:31:24.123Z,
                  2019-08-28T09:31:24.123Z,
                  2019-08-27T09:31:24.123Z,
                  2019-08-26T09:31:24.123Z,
                  2019-08-25T09:31:24.123Z,
                  2019-08-24T09:31:24.123Z,
                  2019-08-23T09:31:24.123Z,
                  2019-08-22T09:31:24.123Z,
                  2019-08-21T09:31:24.123Z,
                  2019-08-20T09:31:24.123Z,
                  2019-08-19T09:31:24.123Z,
                  2019-08-18T09:31:24.123Z,
                  2019-08-17T09:31:24.123Z,
                  2019-08-16T09:31:24.123Z,
                  2019-08-15T09:31:24.123Z,
                  2019-08-14T09:31:24.123Z,
                  2019-08-13T09:31:24.123Z,
                  2019-08-12T09:31:24.123Z,
                  2019-08-11T09:31:24.123Z,
                  2019-08-10T09:31:24.123Z,
                  2019-08-09T09:31:24.123Z,
                  2019-08-08T09:31:24.123Z,
                  2019-08-07T09:31:24.123Z,
                  2019-08-06T09:31:24.123Z,
                  2019-08-05T09:31:24.123Z,
                  2019-08-04T09:31:24.123Z,
                  2019-08-03T09:31:24.123Z,
                  2019-08-02T09:31:24.123Z,
                  2019-08-01T09:31:24.123Z,
                ],
                "name": "August",
              },
              Object {
                "days": Array [
                  2019-07-31T09:31:24.123Z,
                  2019-07-30T09:31:24.123Z,
                  2019-07-29T09:31:24.123Z,
                  2019-07-28T09:31:24.123Z,
                  2019-07-27T09:31:24.123Z,
                  2019-07-26T09:31:24.123Z,
                ],
                "name": "July",
              },
            ]
          }
          sections={
            Array [
              Object {
                "endDate": 2019-09-15T21:00:00.000Z,
                "name": "A",
                "startDate": 2019-08-15T21:00:00.000Z,
              },
              Object {
                "endDate": 2019-09-25T21:00:00.000Z,
                "name": "B",
                "startDate": 2019-09-16T21:00:00.000Z,
              },
              Object {
                "endDate": 2019-10-09T21:00:00.000Z,
                "name": "C",
                "startDate": 2019-09-26T21:00:00.000Z,
              },
              Object {
                "endDate": 2019-10-15T21:00:00.000Z,
                "name": "D",
                "startDate": 2019-10-11T21:00:00.000Z,
              },
            ]
          }
          startDate={2019-07-26T09:31:24.123Z}
        />
      </Col>
    </Row>
    <Row
      className="flex-nowrap"
      noGutters={true}
      tag="div"
    >
      <Col
        className="timeline-left"
        tag="div"
        widths={
          Array [
            "xs",
            "sm",
            "md",
            "lg",
            "xl",
          ]
        }
        xs="auto"
      >
        <Calendar
          range={
            Array [
              Object {
                "days": Array [
                  2019-10-26T09:31:24.123Z,
                  2019-10-25T09:31:24.123Z,
                  2019-10-24T09:31:24.123Z,
                  2019-10-23T09:31:24.123Z,
                  2019-10-22T09:31:24.123Z,
                  2019-10-21T09:31:24.123Z,
                  2019-10-20T09:31:24.123Z,
                  2019-10-19T09:31:24.123Z,
                  2019-10-18T09:31:24.123Z,
                  2019-10-17T09:31:24.123Z,
                  2019-10-16T09:31:24.123Z,
                  2019-10-15T09:31:24.123Z,
                  2019-10-14T09:31:24.123Z,
                  2019-10-13T09:31:24.123Z,
                  2019-10-12T09:31:24.123Z,
                  2019-10-11T09:31:24.123Z,
                  2019-10-10T09:31:24.123Z,
                  2019-10-09T09:31:24.123Z,
                  2019-10-08T09:31:24.123Z,
                  2019-10-07T09:31:24.123Z,
                  2019-10-06T09:31:24.123Z,
                  2019-10-05T09:31:24.123Z,
                  2019-10-04T09:31:24.123Z,
                  2019-10-03T09:31:24.123Z,
                  2019-10-02T09:31:24.123Z,
                  2019-10-01T09:31:24.123Z,
                ],
                "name": "October",
              },
              Object {
                "days": Array [
                  2019-09-30T09:31:24.123Z,
                  2019-09-29T09:31:24.123Z,
                  2019-09-28T09:31:24.123Z,
                  2019-09-27T09:31:24.123Z,
                  2019-09-26T09:31:24.123Z,
                  2019-09-25T09:31:24.123Z,
                  2019-09-24T09:31:24.123Z,
                  2019-09-23T09:31:24.123Z,
                  2019-09-22T09:31:24.123Z,
                  2019-09-21T09:31:24.123Z,
                  2019-09-20T09:31:24.123Z,
                  2019-09-19T09:31:24.123Z,
                  2019-09-18T09:31:24.123Z,
                  2019-09-17T09:31:24.123Z,
                  2019-09-16T09:31:24.123Z,
                  2019-09-15T09:31:24.123Z,
                  2019-09-14T09:31:24.123Z,
                  2019-09-13T09:31:24.123Z,
                  2019-09-12T09:31:24.123Z,
                  2019-09-11T09:31:24.123Z,
                  2019-09-10T09:31:24.123Z,
                  2019-09-09T09:31:24.123Z,
                  2019-09-08T09:31:24.123Z,
                  2019-09-07T09:31:24.123Z,
                  2019-09-06T09:31:24.123Z,
                  2019-09-05T09:31:24.123Z,
                  2019-09-04T09:31:24.123Z,
                  2019-09-03T09:31:24.123Z,
                  2019-09-02T09:31:24.123Z,
                  2019-09-01T09:31:24.123Z,
                ],
                "name": "September",
              },
              Object {
                "days": Array [
                  2019-08-31T09:31:24.123Z,
                  2019-08-30T09:31:24.123Z,
                  2019-08-29T09:31:24.123Z,
                  2019-08-28T09:31:24.123Z,
                  2019-08-27T09:31:24.123Z,
                  2019-08-26T09:31:24.123Z,
                  2019-08-25T09:31:24.123Z,
                  2019-08-24T09:31:24.123Z,
                  2019-08-23T09:31:24.123Z,
                  2019-08-22T09:31:24.123Z,
                  2019-08-21T09:31:24.123Z,
                  2019-08-20T09:31:24.123Z,
                  2019-08-19T09:31:24.123Z,
                  2019-08-18T09:31:24.123Z,
                  2019-08-17T09:31:24.123Z,
                  2019-08-16T09:31:24.123Z,
                  2019-08-15T09:31:24.123Z,
                  2019-08-14T09:31:24.123Z,
                  2019-08-13T09:31:24.123Z,
                  2019-08-12T09:31:24.123Z,
                  2019-08-11T09:31:24.123Z,
                  2019-08-10T09:31:24.123Z,
                  2019-08-09T09:31:24.123Z,
                  2019-08-08T09:31:24.123Z,
                  2019-08-07T09:31:24.123Z,
                  2019-08-06T09:31:24.123Z,
                  2019-08-05T09:31:24.123Z,
                  2019-08-04T09:31:24.123Z,
                  2019-08-03T09:31:24.123Z,
                  2019-08-02T09:31:24.123Z,
                  2019-08-01T09:31:24.123Z,
                ],
                "name": "August",
              },
              Object {
                "days": Array [
                  2019-07-31T09:31:24.123Z,
                  2019-07-30T09:31:24.123Z,
                  2019-07-29T09:31:24.123Z,
                  2019-07-28T09:31:24.123Z,
                  2019-07-27T09:31:24.123Z,
                  2019-07-26T09:31:24.123Z,
                ],
                "name": "July",
              },
            ]
          }
        />
      </Col>
      <Col
        className="timeline-info"
        tag="div"
        widths={
          Array [
            "xs",
            "sm",
            "md",
            "lg",
            "xl",
          ]
        }
      >
        <UnitsGrid
          units={
            Array [
              Object {
                "childs": Array [
                  Object {
                    "childs": Array [
                      Object {
                        "parentId": 201,
                        "title": "Система управления 1.1.1",
                        "unitId": 251,
                        "unitLevel": 3,
                      },
                    ],
                    "parentId": 1,
                    "title": "Система управления 1.1",
                    "unitId": 201,
                    "unitLevel": 2,
                  },
                ],
                "title": "Система управления 1",
                "unitId": 1,
                "unitLevel": 1,
              },
              Object {
                "childs": Array [
                  Object {
                    "childs": Array [
                      Object {
                        "childs": Array [
                          Object {
                            "parentId": 4,
                            "title": "Подразделение 2.1.1.1",
                            "unitId": 5,
                            "unitLevel": 4,
                          },
                          Object {
                            "parentId": 4,
                            "title": "Подразделение 2.1.1.2",
                            "unitId": 51,
                            "unitLevel": 4,
                          },
                        ],
                        "parentId": 3,
                        "title": "Пункт управления 2.1.1",
                        "unitId": 4,
                        "unitLevel": 3,
                      },
                    ],
                    "parentId": 2,
                    "title": "Орган управления 2.1",
                    "unitId": 3,
                    "unitLevel": 2,
                  },
                  Object {
                    "childs": null,
                    "parentId": 2,
                    "title": "Орган управления 2.2",
                    "unitId": 33,
                    "unitLevel": 2,
                  },
                ],
                "title": "Система управления 2",
                "unitId": 2,
                "unitLevel": 1,
              },
            ]
          }
        />
      </Col>
    </Row>
  </div>
</Container>
`;
