// Jest Snapshot v1, https://goo.gl/fbAQLP

exports[`high-level-sections.jsx <HighLevelSections /> should render and match snapshot 1`] = `
<Row
  className="high-level-sections flex-nowrap"
  noGutters={true}
  tag="div"
>
  <HighLevelSection
    isEmpty={true}
    length={1}
    name={null}
  />
  <HighLevelSection
    isEmpty={true}
    length={1}
    name={null}
  />
  <HighLevelSection
    isEmpty={true}
    length={1}
    name={null}
  />
  <HighLevelSection
    isEmpty={true}
    length={1}
    name={null}
  />
  <HighLevelSection
    isEmpty={true}
    length={1}
    name={null}
  />
  <HighLevelSection
    isEmpty={true}
    length={1}
    name={null}
  />
  <HighLevelSection
    isEmpty={true}
    length={1}
    name={null}
  />
  <HighLevelSection
    isEmpty={true}
    length={1}
    name={null}
  />
  <HighLevelSection
    isEmpty={true}
    length={1}
    name={null}
  />
  <HighLevelSection
    isEmpty={true}
    length={1}
    name={null}
  />
  <HighLevelSection
    isEmpty={false}
    length={5}
    name="D"
  />
  <HighLevelSection
    isEmpty={true}
    length={1}
    name={null}
  />
  <HighLevelSection
    isEmpty={false}
    length={14}
    name="C"
  />
  <HighLevelSection
    isEmpty={false}
    length={10}
    name="B"
  />
  <HighLevelSection
    isEmpty={false}
    length={32}
    name="A"
  />
  <HighLevelSection
    isEmpty={true}
    length={1}
    name={null}
  />
  <HighLevelSection
    isEmpty={true}
    length={1}
    name={null}
  />
  <HighLevelSection
    isEmpty={true}
    length={1}
    name={null}
  />
  <HighLevelSection
    isEmpty={true}
    length={1}
    name={null}
  />
  <HighLevelSection
    isEmpty={true}
    length={1}
    name={null}
  />
  <HighLevelSection
    isEmpty={true}
    length={1}
    name={null}
  />
  <HighLevelSection
    isEmpty={true}
    length={1}
    name={null}
  />
  <HighLevelSection
    isEmpty={true}
    length={1}
    name={null}
  />
  <HighLevelSection
    isEmpty={true}
    length={1}
    name={null}
  />
  <HighLevelSection
    isEmpty={true}
    length={1}
    name={null}
  />
  <HighLevelSection
    isEmpty={true}
    length={1}
    name={null}
  />
  <HighLevelSection
    isEmpty={true}
    length={1}
    name={null}
  />
  <HighLevelSection
    isEmpty={true}
    length={1}
    name={null}
  />
  <HighLevelSection
    isEmpty={true}
    length={1}
    name={null}
  />
  <HighLevelSection
    isEmpty={true}
    length={1}
    name={null}
  />
  <HighLevelSection
    isEmpty={true}
    length={1}
    name={null}
  />
  <HighLevelSection
    isEmpty={true}
    length={1}
    name={null}
  />
  <HighLevelSection
    isEmpty={true}
    length={1}
    name={null}
  />
  <HighLevelSection
    isEmpty={true}
    length={1}
    name={null}
  />
  <HighLevelSection
    isEmpty={true}
    length={1}
    name={null}
  />
  <HighLevelSection
    isEmpty={true}
    length={1}
    name={null}
  />
</Row>
`;
